[travlr.com/index.html]
[backblue.gif]
[fade.gif]
[index.html]
[images.squarespace-cdn.com/content/5785aaf220099e1db58a1d4f/1547078799519-G5IST8NUIBZ17LEWR7QM/Screen+Shot+2019-01-04+at+17.36.302acd.png]
[use.typekit.com/eyf5oai.js]
[assets.squarespace.com/@sqs/polyfiller/1.2.2/legacy.js]
[assets.squarespace.com/@sqs/polyfiller/1.2.2/modern.js]
[assets.squarespace.com/universal/scripts-compressed/cldr-resource-pack-be81d1ce004cbca505842-min.en-US.js]
[assets.squarespace.com/universal/scripts-compressed/moment-js-vendor-26ddeab7fa5f90b6c8cb3-min.en-US.js]
[assets.squarespace.com/universal/scripts-compressed/common-vendors-stable-5f58a0e5b599c258afba7-min.en-US.js]
[assets.squarespace.com/universal/scripts-compressed/performance-3fba3af606f4dadefb3ec-min.en-US.js]
[travlr.com/travlr-b2b-white-labelled-offeringa409]
[static1.squarespace.com/static/sitecss/5785aaf220099e1db58a1d4f/227/5eafc034ee13ec47875cd9b9/5eafc034ee13ec47875cd9c0/2-05142015/1624426736805/site.css]
[ajax.googleapis.com/ajax/libs/jquery/1/jquery.min.js]
[assets.squarespace.com/universal/scripts-compressed/common-vendors-d2ee086f902ec6c8d459f-min.en-US.js]
[images.squarespace-cdn.com/content/v1/5785aaf220099e1db58a1d4f/1589339840320-47IOTVBCFA3CHMHQLIGN/Main+Logo@3x26f7.png]
[assets.squarespace.com/universal/scripts-compressed/common-d929e00a58f0e4f694797-min.en-US.js]
[travlr.com/_https_/player.vimeo.com/video/548191863.104f9a.delayed]
[images.squarespace-cdn.com/content/v1/5785aaf220099e1db58a1d4f/1621313494699-JNFRY558CY2I7SQGMHUU/Stuff+Travel+Master+v6+copy.png]
[images.squarespace-cdn.com/content/v1/5785aaf220099e1db58a1d4f/1621314799725-G659367Q67H7ASQVFLUQ/Screen+Shot+2021-05-18+at+15.12.37.png]
[images.squarespace-cdn.com/content/v1/5785aaf220099e1db58a1d4f/1621314809575-8NJ9Q9PY6PP1YD5WWT1I/Screen+Shot+2021-05-18+at+15.13.11.png]
[images.squarespace-cdn.com/content/v1/5785aaf220099e1db58a1d4f/1621313342036-M9ROPNEC46G0LLE7A02M/10_Travlr_Logo_RGB.png]
[images.squarespace-cdn.com/content/v1/5785aaf220099e1db58a1d4f/1621383094043-5GD41CCE45BLL5UXX6BZ/Screen+Shot+2021-05-19+at+10.11.07.png]
[images.squarespace-cdn.com/content/v1/5785aaf220099e1db58a1d4f/1621383094759-O3ZPSDRJQ0K8TSTSN2CW/download.png]
[images.squarespace-cdn.com/content/v1/5785aaf220099e1db58a1d4f/1621383094866-D16L44A6757JQPX63MH5/isite.footer.png]
[images.squarespace-cdn.com/content/v1/5785aaf220099e1db58a1d4f/1621383095324-038JIJBM9MXPTYYMTOVS/Humm_core_logo_RGB-01_900x180px_Large.png]
[images.squarespace-cdn.com/content/v1/5785aaf220099e1db58a1d4f/1589519173162-0SISJJSIZ54ZBFIFPT1K/mockups-+1@2x.png]
[images.squarespace-cdn.com/content/v1/5785aaf220099e1db58a1d4f/1589771856466-BLLFLGVE8DU0RXMT8021/icon-med-submit.jpg]
[images.squarespace-cdn.com/content/v1/5785aaf220099e1db58a1d4f/1589771894796-B9H0U9YT2YPNFUJ1SGI4/icon-med-contract.jpg]
[images.squarespace-cdn.com/content/v1/5785aaf220099e1db58a1d4f/1589771913013-2W72WSC4NFLFPFMABU8H/icon-med-launch.jpg]
[images.squarespace-cdn.com/content/v1/5785aaf220099e1db58a1d4f/1546497802674-4EQUAUF5VXCKOVN9BMD1/cde3713e68475941b3db8fc28a5ca5e4.jpg]
[images.squarespace-cdn.com/content/v1/5785aaf220099e1db58a1d4f/1546497803147-2RDN76HGH0Q2OU30Z7H2/d4d2affd6f5f116fc3be556ef4670d31.jpg]
[images.squarespace-cdn.com/content/v1/5785aaf220099e1db58a1d4f/1546497800670-4NW19UKBTGMUE7KKW3EY/4f727a817c4152add2d6193ec730fae0.jpg]
[images.squarespace-cdn.com/content/v1/5785aaf220099e1db58a1d4f/1546497800670-UPSD19N70J90BFPT7IZB/9a9f2db9b5b5845485c252fdedcb186e.jpg]
[images.squarespace-cdn.com/content/v1/5785aaf220099e1db58a1d4f/1546497801257-ZLW460SI6QSNFWIV0HEK/623fe77ac4dbadbfdf41ae84113b27b9.jpg]
[images.squarespace-cdn.com/content/v1/5785aaf220099e1db58a1d4f/1546497801652-60ZPVZU2XUVW5O28JVAR/a157fad6620c9024963b06e0e39ceb3d.jpg]
[images.squarespace-cdn.com/content/v1/5785aaf220099e1db58a1d4f/1546497801983-6P3FJ0FHKBRIDHERJPTH/c5ca0344bf0f7ef6e606d1f33bfe9b20.jpg]
[images.squarespace-cdn.com/content/v1/5785aaf220099e1db58a1d4f/1546497803443-KTYW1VL0R7MYNC7TD1WH/d22b152546aec6b0e26d92ea9f53388d.jpg]
[travlr.com/index.html]
[assets.squarespace.com/universal/images-v6/damask/error-dark.png]
[assets.squarespace.com/universal/images-v6/damask/error-dark@2x.png]
[assets.squarespace.com/universal/images-v6/damask/play-button.png]
[assets.squarespace.com/universal/images-v6/damask/play-button@2x.png]
[assets.squarespace.com/universal/images-v6/damask/edit-aviary-light.png]
[static1.squarespace.com/static/ta/5785aaf220099e1db58a1d4f/2/scripts/site-bundle.js]
[assets.squarespace.com/universal/images-v6/damask/edit-aviary-light@2x.png]
[assets.squarespace.com/universal/images-v6/damask/edit-info-light.png]
[assets.squarespace.com/universal/images-v6/damask/edit-info-light@2x.png]
[assets.squarespace.com/universal/images-v6/damask/trash-9-light.png]
[assets.squarespace.com/universal/images-v6/damask/trash-9-light@2x.png]
[assets.squarespace.com/universal/images-v6/damask/trash-9-red.png]
[assets.squarespace.com/universal/images-v6/damask/trash-9-red@2x.png]
[assets.squarespace.com/universal/images-v6/damask/getty-16-light.png]
[assets.squarespace.com/universal/images-v6/damask/getty-32-light.png]
[assets.squarespace.com/universal/images-v6/damask/shopping-cart-16-light.png]
[assets.squarespace.com/universal/images-v6/damask/shopping-cart-32-light.png]
[static1.squarespace.com/universal/images-v6/icons/block-indicator-dark.png]
[static1.squarespace.com/universal/images-v6/icons/block-indicator-dark@2x.png]
[static1.squarespace.com/universal/images-v6/icons/opentable-icons.png]
[static1.squarespace.com/universal/images-v6/icons/icon-searchqueries-20-dark.png]
[static1.squarespace.com/universal/images-v6/icons/icon-searchqueries-20-light.png]
[assets.squarespace.com/universal/images-v6/icons/icon-video-24-light-solid.png]
[static1.squarespace.com/universal/images-v6/damask/image-inside-64-dark.png]
[static1.squarespace.com/universal/images-v6/damask/image-inside-128-dark.png]
[assets.squarespace.com/universal/images-v6/standard/icon_close_7_light.png]
[assets.squarespace.com/universal/images-v6/icons/icon-settings-16-light.png]
[static1.squarespace.com/static/sitecss/5785aaf220099e1db58a1d4f/227/5eafc034ee13ec47875cd9b9/5eafc034ee13ec47875cd9c0/2-05142015/1624426736805/site.css]
[travlr.com/_https_/player.vimeo.com/video/5481918634320.html]
[travlr.com/_https_/player.vimeo.com/video/5481918634f9a.html]
